Wide Artwork - 40 Characters Wide
════════════════════════════════════════════════════════════════════════════════════════════════════════════════════════════════════════════════════════════════════════════════════════════════════════════════════════════════════════════════════════════════════════════════════════════════════════════════════════════════════════════════════════════════════════════════

╔════════════════════════════════════════════════════════════════════════════════════════════════════════╗
║  This is a wide artwork that tests wider dimensions                                                   ║
║  It should handle 80+ character widths without issues                                                 ║
║  Perfect for testing font changes and position recalculation on larger canvases                       ║
║  Each character position must be calculated correctly: left = col * charWidth, top = row * charHeight ║
╚════════════════════════════════════════════════════════════════════════════════════════════════════════╝

Testing vertical distribution:
Line 1 here
Line 2 here
Line 3 here
Line 4 here
Line 5 here
Line 6 here
